<svg xmlns:inkscape="http://www.inkscape.org/namespaces/inkscape" xmlns:sodipodi="http://sodipodi.sourceforge.net/DTD/sodipodi-0.dtd" xmlns="http://www.w3.org/2000/svg" xmlns:svg="http://www.w3.org/2000/svg" xmlns:rdf="http://www.w3.org/1999/02/22-rdf-syntax-ns#" xmlns:cc="http://creativecommons.org/ns#" xmlns:dc="http://purl.org/dc/elements/1.1/" inkscape:version="1.2.1 (9c6d41e410, 2022-07-14)" id="svg26" version="1.1" viewBox="0 0 306.05757 207.30648" height="5.1985173in" width="7.6748476in" sodipodi:docname="Text_tests_mod.svg"><defs id="defs20"><clipPath id="clipPath43700"><path id="path61980" d="m -442.932,-226.015 h 522.4 v 246.5 h -522.4 z"/></clipPath><clipPath clipPathUnits="userSpaceOnUse" id="clipPath105222"><path d="M 1.0255118,1.0255118 H 66.658268 V 144.59717 H 1.0255118 Z" id="path250403" transform="translate(-45.1225,-2.05102)"/></clipPath><clipPath clipPathUnits="userSpaceOnUse" id="clipPath928242"><path d="M 1.0255118,1.0255118 H 66.658268 V 144.59717 H 1.0255118 Z" id="path705899" transform="translate(-45.1225,-2.05102)"/></clipPath><clipPath clipPathUnits="userSpaceOnUse" id="clipPath745085"><path d="M 1.0255118,1.0255118 H 66.658268 V 144.59717 H 1.0255118 Z" id="path275208" transform="translate(-45.1225,-2.05102)"/></clipPath><clipPath clipPathUnits="userSpaceOnUse" id="clipEmfPath1"><path d="M 0,0 H 66.658268 V 144.59717 H 0 Z" id="path49174"/></clipPath><rect x="106.13368" y="295.92566" width="211.01872" height="102.38778" id="rect127697"/><clipPath clipPathUnits="userSpaceOnUse" id="clipPath850"><path d="M 0,0 H 1602 V 1123 H 0 Z" id="path848"/></clipPath><clipPath clipPathUnits="userSpaceOnUse" id="clipPath1420"><path d="M 3038.58,10230 H 948.586 v 504.9 h 42.887 v 20 H 948.586 V 11110 H 3038.58 v -880 m -97.12,524.9 v -20 h 49.99 v 20 h -49.99 m -100,0 v -20 h 50 v 20 h -50 m -100,0 v -20 h 50 v 20 h -50 m -100,0 v -20 h 50 v 20 h -50 m -100,0 v -20 h 50 v 20 h -50 m -100,0 v -20 h 50 v 20 h -50 m -100,0 v -20 h 50 v 20 h -50 m -100,0 v -20 h 50 v 20 h -50 m -100,0 v -20 h 50 v 20 h -50 m -100,0 v -20 h 50 v 20 h -50 m -99.99,0 v -20 h 50 v 20 h -50 m -100.01,0 v -20 h 50.01 v 20 h -50.01 m -100,0 v -20 h 50 v 20 h -50 m -99.99,0 v -20 h 50 v 20 h -50 m -100,0 v -20 h 50 v 20 h -50 m -100,0 v -20 h 50 v 20 h -50 m -100,0 v -20 h 50 v 20 h -50 m -100,0 v -20 h 50 v 20 h -50 m -100,0 v -20 h 50 v 20 h -50 m -100,0 v -20 h 50 v 20 h -50" id="path1418"/></clipPath><clipPath clipPathUnits="userSpaceOnUse" id="clipPath1432"><path d="m 2991.45,10734.9 h -49.99 v 20 h 49.99 v -20 m -99.99,0 h -50 v 20 h 50 v -20 m -100,0 h -50 v 20 h 50 v -20 m -100,0 h -50 v 20 h 50 v -20 m -100,0 h -50 v 20 h 50 v -20 m -100,0 h -50 v 20 h 50 v -20 m -100,0 h -50 v 20 h 50 v -20 m -100,0 h -50 v 20 h 50 v -20 m -100,0 h -50 v 20 h 50 v -20 m -100,0 h -50 v 20 h 50 v -20 m -99.99,0 h -50 v 20 h 50 v -20 m -100,0 h -50.01 v 20 h 50.01 v -20 m -100.01,0 h -50 v 20 h 50 v -20 m -99.99,0 h -50 v 20 h 50 v -20 m -100,0 h -50 v 20 h 50 v -20 m -100,0 h -50 v 20 h 50 v -20 m -100,0 h -50 v 20 h 50 v -20 m -100,0 h -50 v 20 h 50 v -20 m -100,0 h -50 v 20 h 50 v -20 m -100,0 h -50 v 20 h 50 v -20 m -99.997,0 h -42.887 v 20 h 42.887 v -20" id="path1430"/></clipPath><clipPath clipPathUnits="userSpaceOnUse" id="clipPath1444"><path d="M 0,0 H 16017.3 V 11224.9 H 0 Z" id="path1442"/></clipPath><clipPath clipPathUnits="userSpaceOnUse" id="clipPath1538"><path d="M 0,0 H 16017.3 V 11224.9 H 0 Z" id="path1536"/></clipPath><clipPath clipPathUnits="userSpaceOnUse" id="clipPath2410"><path d="M 0,0 H 16017.3 V 11224.9 H 0 Z" id="path2408"/></clipPath></defs><sodipodi:namedview units="in" showgrid="false" inkscape:document-rotation="0" inkscape:current-layer="layer1" inkscape:document-units="mm" inkscape:cy="133.09131" inkscape:cx="270.95137" inkscape:zoom="2.306687" inkscape:pageshadow="2" inkscape:pageopacity="0.0" borderopacity="1.0" bordercolor="#666666" pagecolor="#ffffff" id="base" inkscape:pagecheckerboard="0" inkscape:window-width="1920" inkscape:window-height="1017" inkscape:window-x="-8" inkscape:window-y="-8" inkscape:window-maximized="1" inkscape:showpageshadow="2" inkscape:deskcolor="#d1d1d1"/><metadata id="metadata23"><rdf:RDF id="RDF327"><cc:Work rdf:about="" id="Work585"><dc:format id="format575"/><dc:type rdf:resource="http://purl.org/dc/dcmitype/StillImage" id="type749"/></cc:Work></rdf:RDF></metadata><g inkscape:groupmode="layer" inkscape:label="Layer 1 original" transform="translate(-3.038213,-1.2273588)" id="g135" sodipodi:insensitive="true" opacity="0.3"><text xml:space="preserve" style="font-size:10.6667px;line-height:1.25;font-family:Tahoma;-inkscape-font-specification:'Tahoma, Normal';letter-spacing:0px;word-spacing:0px" x="48.909069" y="197.96529" id="text847" transform="matrix(0.26458333,0,0,0.26458333,5.5459391,1.6432412)"><tspan sodipodi:role="line" id="tspan764" x="48.909069" y="197.96529">0 1 2 3 4 10 11</tspan></text></g><g id="layer1" inkscape:groupmode="layer" inkscape:label="Layer 1 flat" transform="translate(-3.03821, -1.22736)"><text xml:space="preserve" style="font-size:10.6667px;line-height:1.25;font-family:Tahoma,sans-serif;letter-spacing:0px;word-spacing:0px;text-anchor:middle;text-align:center" x="51.820536431640626" y="197.96529" id="text25695" transform="matrix(0.264583 0 0 0.264583 5.54594 1.64324)"><tspan id="tspan25693" x="51.820536431640626" y="197.96529" style="font-family:Tahoma,sans-serif;text-anchor:middle;text-align:center" sodipodi:role="line">0</tspan></text><text xml:space="preserve" style="font-size:10.6667px;line-height:1.25;font-family:Tahoma,sans-serif;letter-spacing:0px;word-spacing:0px;text-anchor:middle;text-align:center" x="60.97681504492187" y="197.96529" transform="matrix(0.264583 0 0 0.264583 5.54594 1.64324)" id="text3"><tspan id="tspan445" x="60.97681504492187" y="197.96529" style="font-family:Tahoma,sans-serif;text-anchor:middle;text-align:center" sodipodi:role="line">1</tspan></text><text xml:space="preserve" style="font-size:10.6667px;line-height:1.25;font-family:Tahoma,sans-serif;letter-spacing:0px;word-spacing:0px;text-anchor:middle;text-align:center" x="70.13309365820314" y="197.96529" transform="matrix(0.264583 0 0 0.264583 5.54594 1.64324)" id="text433"><tspan id="tspan762" x="70.13309365820314" y="197.96529" style="font-family:Tahoma,sans-serif;text-anchor:middle;text-align:center" sodipodi:role="line">2</tspan></text><text xml:space="preserve" style="font-size:10.6667px;line-height:1.25;font-family:Tahoma,sans-serif;letter-spacing:0px;word-spacing:0px;text-anchor:middle;text-align:center" x="79.28937227148438" y="197.96529" transform="matrix(0.264583 0 0 0.264583 5.54594 1.64324)" id="text29"><tspan id="tspan835" x="79.28937227148438" y="197.96529" style="font-family:Tahoma,sans-serif;text-anchor:middle;text-align:center" sodipodi:role="line">3</tspan></text><text xml:space="preserve" style="font-size:10.6667px;line-height:1.25;font-family:Tahoma,sans-serif;letter-spacing:0px;word-spacing:0px;text-anchor:middle;text-align:center" x="88.44565088476564" y="197.96529" transform="matrix(0.264583 0 0 0.264583 5.54594 1.64324)" id="text788"><tspan id="tspan94" x="88.44565088476564" y="197.96529" style="font-family:Tahoma,sans-serif;text-anchor:middle;text-align:center" sodipodi:role="line">4</tspan></text><text xml:space="preserve" style="font-size:10.6667px;line-height:1.25;font-family:Tahoma,sans-serif;letter-spacing:0px;word-spacing:0px;text-anchor:middle;text-align:center" x="100.5133969296875" y="197.96529" transform="matrix(0.264583 0 0 0.264583 5.54594 1.64324)" id="text450"><tspan id="tspan651" x="100.5133969296875" y="197.96529" style="font-family:Tahoma,sans-serif;text-anchor:middle;text-align:center" sodipodi:role="line">10</tspan></text><text xml:space="preserve" style="font-size:10.6667px;line-height:1.25;font-family:Tahoma,sans-serif;letter-spacing:0px;word-spacing:0px;text-anchor:middle;text-align:center" x="115.49261040625001" y="197.96529" transform="matrix(0.264583 0 0 0.264583 5.54594 1.64324)" id="text255"><tspan id="tspan495" x="115.49261040625001" y="197.96529" style="font-family:Tahoma,sans-serif;text-anchor:middle;text-align:center" sodipodi:role="line">11</tspan></text></g><style type="text/css" id="style4742">
	.st0{fill:#010202;}
	.st1{font-family:'Metropolis-Regular';}
	.st2{font-size:7.7351px;}
	.st3{fill:#984F9F;}
	.st4{fill:#4FAF49;}
	.st5{fill:none;stroke:#262525;stroke-width:0.563;stroke-linecap:square;stroke-linejoin:round;stroke-miterlimit:10;}
	.st6{fill:#262525;}
	.st7{font-size:7.0316px;}
	.st8{font-size:7.7343px;}
	.st9{font-size:5.6249px;}
	.st10{font-size:7.7475px;}
	.st11{letter-spacing:-1;}
	.st12{fill:none;stroke:#387EB8;stroke-width:0.563;stroke-linejoin:round;stroke-miterlimit:10;}
	.st13{font-size:7.0152px;}
	.st14{font-size:7.7164px;}
	.st15{font-size:7.7341px;}
	.st16{fill:none;stroke:#F57E20;stroke-width:0.563;stroke-linejoin:round;stroke-miterlimit:10;}
	.st17{fill:#F57E20;}
	.st18{fill:#387EB8;}
	.st19{fill:none;stroke:#E0E0DF;stroke-width:0.563;stroke-linejoin:round;stroke-miterlimit:10;}
	.st20{fill:#E0E0DF;}
	.st21{fill:none;stroke:#E21E26;stroke-width:0.563;stroke-linejoin:round;stroke-miterlimit:10;}
	.st22{font-size:7.0545px;}
	.st23{font-size:7.0211px;}
	.st24{letter-spacing:2;}
	.st25{font-family:'Metropolis-Bold';}
	.st26{font-size:9.6843px;}
	.st27{font-size:7.0403px;}
	.st28{fill:#E21E26;}
	.st29{clip-path:url(#SVGID_00000099627120777900442400000009502560245903419785_);}
	.st30{clip-path:url(#SVGID_00000085239331775749774670000001572150771443395483_);}
	.st31{fill-rule:evenodd;clip-rule:evenodd;}
	.st32{fill:none;stroke:#000000;stroke-width:0;stroke-linecap:round;stroke-linejoin:round;stroke-miterlimit:10;}
	.st33{font-family:'AdvOTea1a7398';}
	.st34{font-size:13.9476px;}
	.st35{fill:#EF7F1F;}
	.st36{font-size:7.9702px;}
</style><style type="text/css" id="style4742-7">
	.st0{fill:#010202;}
	.st1{font-family:'Metropolis-Regular';}
	.st2{font-size:7.7351px;}
	.st3{fill:#984F9F;}
	.st4{fill:#4FAF49;}
	.st5{fill:none;stroke:#262525;stroke-width:0.563;stroke-linecap:square;stroke-linejoin:round;stroke-miterlimit:10;}
	.st6{fill:#262525;}
	.st7{font-size:7.0316px;}
	.st8{font-size:7.7343px;}
	.st9{font-size:5.6249px;}
	.st10{font-size:7.7475px;}
	.st11{letter-spacing:-1;}
	.st12{fill:none;stroke:#387EB8;stroke-width:0.563;stroke-linejoin:round;stroke-miterlimit:10;}
	.st13{font-size:7.0152px;}
	.st14{font-size:7.7164px;}
	.st15{font-size:7.7341px;}
	.st16{fill:none;stroke:#F57E20;stroke-width:0.563;stroke-linejoin:round;stroke-miterlimit:10;}
	.st17{fill:#F57E20;}
	.st18{fill:#387EB8;}
	.st19{fill:none;stroke:#E0E0DF;stroke-width:0.563;stroke-linejoin:round;stroke-miterlimit:10;}
	.st20{fill:#E0E0DF;}
	.st21{fill:none;stroke:#E21E26;stroke-width:0.563;stroke-linejoin:round;stroke-miterlimit:10;}
	.st22{font-size:7.0545px;}
	.st23{font-size:7.0211px;}
	.st24{letter-spacing:2;}
	.st25{font-family:'Metropolis-Bold';}
	.st26{font-size:9.6843px;}
	.st27{font-size:7.0403px;}
	.st28{fill:#E21E26;}
	.st29{clip-path:url(#SVGID_00000099627120777900442400000009502560245903419785_);}
	.st30{clip-path:url(#SVGID_00000085239331775749774670000001572150771443395483_);}
	.st31{fill-rule:evenodd;clip-rule:evenodd;}
	.st32{fill:none;stroke:#000000;stroke-width:0;stroke-linecap:round;stroke-linejoin:round;stroke-miterlimit:10;}
	.st33{font-family:'AdvOTea1a7398';}
	.st34{font-size:13.9476px;}
	.st35{fill:#EF7F1F;}
	.st36{font-size:7.9702px;}
</style></svg>